=======    ==========================================
TDAQMAP    S1232_April2014_68Se
======     ==========================================
RF         PARAMETERS
CHANNEL    960
PERIOD     8.48409
=======    ==========================================
TIGRESS    CHANNEL
MIN        0	
MAX        959	
FIT_GE	   YES	
FIT_BGO	   YES	
KPAR       500
DISP       4
=======    ==========================================
TIGRESS    GROUP2POSITION
Group      Position
  0        1
  1        4
  2        2
  3        3
  4        5
  5        6
  6        7
  7        8
  8        9
  9        10
 10        11
 11        12
 12        13
 13        16
 14        14
 15        15
END        MAP
=========  ==========================================
CSIARRAY   CHANNEL
MIN        1020
MAX        1049
FIT        YES
TRC        4810.00
TF         64.30
TS         380.00
TR         15.97
KPAR       500
DISP       4
PILEUP_REJ NO
DIST       100
SAMPLES    20
FAMOUNT    8000
RAMOUNT    4000
=========  ==========================================
CSIARRAY   GROUP2POSITION
Group      Position
  0        1
  1        2
  2        3
  3        4
  4        5
  5        6
  6        7
  7        8
  8        25
  9        26
 10        9
 11        10
 12        11
 13        12
 14        13
 15        14
 16        15
 17	   16
 18	   27
 19	   28
 20	   17
 21	   18
 22	   19
 23	   20
 24	   21
 25	   22
 26	   23
 27	   24
 28	   29
 29	   30
END        MAP
=========  ==========================================