=======    ==========================================
TDAQMAP    September2016 TIP/TIGRESSDAQ TEST		
======     ==========================================
RF         PARAMETERS
CHANNEL    1060
PERIOD     8.48409
=======    ==========================================
TIGRESS    CHANNEL
MIN        0	
MAX        959
FIT_GE     YES
FIT_BGO    YES
KPAR       500
DISP       4
=======    ==========================================
TIGRESS    GROUP2POSITION
Group      Position
  0        1
  1        2
  2        3
  3        4
  4        5
  5        6
  6        7
  7        8
  8        9
  9        10
 10        11
 11        12
 12        13
 13        14
 14        15
 15        16
END        MAP
=========  ==========================================
CSIARRAY   CHANNEL
MIN        1020
MAX        1058
FIT        YES
TRC        4810.00
TF         64.00
TS         380.00
TR         16.0
KPAR       500
DISP       4
PILEUP_REJ NO
DIST       100
SAMPLES    20
FAMOUNT    4000
RAMOUNT    2000
=========  ==========================================
CSIARRAY   GROUP2POSITION
Group      Position
  0        1
  1        5
  2        9
  3        13
  4        17
  5        21
  6        -1
  7        28
  8        32
  9        36
 10        2
 11        6
 12        10
 13        14
 14        18
 15        22
 16        25
 17	   29
 18	   33
 19	   37
 20	   3
 21	   7
 22	   11
 23	   15
 24	   19
 25	   23
 26	   26
 27	   30
 28	   34
 29	   38
 30    4
 31    8
 32    12
 33    16
 34    20
 35    24
 36    27
 37    31
 38    35    
END        MAP
=========  ==========================================
