=======    ==========================================
TDAQMAP    September2016 TIP/TIGRESSDAQ TEST		
======     ==========================================
RF         PARAMETERS
CHANNEL    1020
PERIOD     8.48409
=======    ==========================================
TIGRESS    CHANNEL
MIN        0	
MAX        959
FIT_GE     NO
FIT_BGO    NO
KPAR       500
DISP       4
=======    ==========================================
TIGRESS    GROUP2POSITION
Group      Position
  0        1
  1        2
  2        3
  3        4
  4        5
  5        6
  6        7
  7        8
  8        9
  9        10
 10        11
 11        12
 12        13
 13        14
 14        15
 15        16
END        MAP
=========  ==========================================
CSIARRAY   CHANNEL
MIN        1030
MAX        1068
FIT        NO
TRC        4810.00
TF         64.00
TS         380.00
TR         16.0
KPAR       500
DISP       4
PILEUP_REJ NO
DIST       100
SAMPLES    20
FAMOUNT    4000
RAMOUNT    2000
=========  ==========================================
CSIARRAY   GROUP2POSITION
Group      Position
  0        1
  1        5
  2        9
  3        13
  4        17
  5        21
  6        25
  7        29
  8        33
  9        37
 10        2
 11        6
 12        10
 13        14
 14        18
 15        22
 16        26
 17	   30
 18	   34
 19	   38
 20	   3
 21	   7
 22	   11
 23	   15
 24	   19
 25	   23
 26	   27
 27	   31
 28	   35
 29	   -1
 30    4
 31    8
 32    12
 33    16
 34    20
 35    24
 36    28
 37    32
 38    36    
END        MAP
=========  ==========================================
